// Jest Snapshot v1, https://goo.gl/fbAQLP

exports[`Header should match with snapshot 1`] = `
"<header className=\\"header\\">
  <h1>
    ToDo List
  </h1>
  <div tabIndex={0} onClick={[Function]} className=\\"add-task\\">
    +
  </div>
</header>"
`;
