// Jest Snapshot v1, https://goo.gl/fbAQLP

exports[`<Loader /> should match with snapshot 1`] = `
"<Portal containerInfo={{...}}>
  <div className=\\"loader-overlay\\">
    <div className=\\"loader\\" />
  </div>
</Portal>"
`;
